Texture Groups complete! Took 408 ms
Audio Groups complete! Took 0 ms
Dumping Scripts...
Dumping Objects...
Dumping Sounds...
Dumping Rooms...
Dumping Sprites...
Dumping Fonts...
Dumping Shaders...
Dumping Extensions...
Dumping Paths...
Dumping Animation Curves...
Dumping Tilesets...
Dumping Sequences...
Dumping Timelines...
Fonts complete! Took 514 ms
Scripts complete! Took 527 ms
Shaders complete! Took 574 ms
Paths complete! Took 593 ms
Animation Curves complete! Took 620 ms
Sequences complete! Took 713 ms
Timelines complete! Took 713 ms
Objects complete! Took 1756 ms
Rooms complete! Took 3604 ms
Sprites complete! Took 3886 ms
Sounds complete! Took 5287 ms
Tilesets complete! Took 9844 ms
All Textures complete! Took 103087 ms
Created GlobalInit Script.
