Texture Groups complete! Took 6 ms
Audio Groups complete! Took 0 ms
Dumping Scripts...
Dumping Objects...
Dumping Sounds...
Dumping Rooms...
Dumping Sprites...
Dumping Fonts...
Dumping Shaders...
Dumping Extensions...
Dumping Paths...
Dumping Animation Curves...
Dumping Tilesets...
Dumping Sequences...
Dumping Timelines...
Scripts complete! Took 246 ms
Shaders complete! Took 268 ms
Fonts complete! Took 287 ms
Animation Curves complete! Took 300 ms
Paths complete! Took 303 ms
Sequences complete! Took 302 ms
Timelines complete! Took 302 ms
Rooms complete! Took 611 ms
Objects complete! Took 841 ms
Sprites complete! Took 1726 ms
Sounds complete! Took 2077 ms
Tilesets complete! Took 3319 ms
All Textures complete! Took 34523 ms
Created GlobalInit Script.
