Texture Groups complete! Took 3 ms
Audio Groups complete! Took 0 ms
Dumping Scripts...
Dumping Objects...
Dumping Sounds...
Dumping Rooms...
Dumping Sprites...
Dumping Fonts...
Dumping Shaders...
Dumping Extensions...
Dumping Paths...
Dumping Animation Curves...
Dumping Tilesets...
Dumping Sequences...
Dumping Timelines...
Scripts complete! Took 387 ms
Fonts complete! Took 442 ms
Rooms complete! Took 482 ms
Paths complete! Took 480 ms
Animation Curves complete! Took 480 ms
Tilesets complete! Took 479 ms
Timelines complete! Took 492 ms
Objects complete! Took 509 ms
Shaders complete! Took 519 ms
Sequences complete! Took 1284 ms
Sounds complete! Took 1932 ms
Sprites complete! Took 2403 ms
All Textures complete! Took 38266 ms
Created GlobalInit Script.
